// Jest Snapshot v1, https://goo.gl/fbAQLP

exports[`pruebas en el componente <HookApp /> debe retornar el contenido del componente 1`] = `
<div>
  <h1>
    Hola Mundo
  </h1>
</div>
`;
